O Windows PowerShell
Copyright (C) Microsoft Corporation. Todos os direitos reservados.

Instale o PowerShell mais recente para obter novos recursos e aprimoramentos! https://aka.ms/PSWindows

PS C:\Users\C18132Q\Documents\Workspace-experian\experian-pme-bfm-receivables-anticipation-domain-services> grep -R --line-number --ignore-case '@FeignClient' -n src | grep -E 'url *= *"'
grep : O termo 'grep' não é reconhecido como nome de cmdlet, função, arquivo de script ou programa operável. Verifique
a grafia do nome ou, se um caminho tiver sido incluído, veja se o caminho está correto e tente novamente.
No linha:1 caractere:1
+ grep -R --line-number --ignore-case '@FeignClient' -n src | grep -E ' ...
+ ~~~~
    + CategoryInfo          : ObjectNotFound: (grep:String) [], CommandNotFoundException
    + FullyQualifiedErrorId : CommandNotFoundException

PS C:\Users\C18132Q\Documents\Workspace-experian\experian-pme-bfm-receivables-anticipation-domain-services> grep -R --line-number --ignore-case 'http://${api.antecipa.uri}' src
grep : O termo 'grep' não é reconhecido como nome de cmdlet, função, arquivo de script ou programa operável. Verifique
a grafia do nome ou, se um caminho tiver sido incluído, veja se o caminho está correto e tente novamente.
No linha:1 caractere:1
+ grep -R --line-number --ignore-case 'http://${api.antecipa.uri}' src
+ ~~~~
    + CategoryInfo          : ObjectNotFound: (grep:String) [], CommandNotFoundException
    + FullyQualifiedErrorId : CommandNotFoundException

PS C:\Users\C18132Q\Documents\Workspace-experian\experian-pme-bfm-receivables-anticipation-domain-services> grep -R --line-number --ignore-case 'http://${api.antecipa.auth.uri}' src
grep : O termo 'grep' não é reconhecido como nome de cmdlet, função, arquivo de script ou programa operável. Verifique
a grafia do nome ou, se um caminho tiver sido incluído, veja se o caminho está correto e tente novamente.
No linha:1 caractere:1
+ grep -R --line-number --ignore-case 'http://${api.antecipa.auth.uri}' ...
+ ~~~~
    + CategoryInfo          : ObjectNotFound: (grep:String) [], CommandNotFoundException
    + FullyQualifiedErrorId : CommandNotFoundException

PS C:\Users\C18132Q\Documents\Workspace-experian\experian-pme-bfm-receivables-anticipation-domain-services>
PS C:\Users\C18132Q\Documents\Workspace-experian\experian-pme-bfm-receivables-anticipation-domain-services> # 2) Procure uso do placeholder mesmo sem "http://"
PS C:\Users\C18132Q\Documents\Workspace-experian\experian-pme-bfm-receivables-anticipation-domain-services> grep -R --line-number --ignore-case '\${api\.antecipa\.uri}' src
grep : O termo 'grep' não é reconhecido como nome de cmdlet, função, arquivo de script ou programa operável. Verifique
a grafia do nome ou, se um caminho tiver sido incluído, veja se o caminho está correto e tente novamente.
No linha:1 caractere:1
+ grep -R --line-number --ignore-case '\${api\.antecipa\.uri}' src
+ ~~~~
    + CategoryInfo          : ObjectNotFound: (grep:String) [], CommandNotFoundException
    + FullyQualifiedErrorId : CommandNotFoundException

PS C:\Users\C18132Q\Documents\Workspace-experian\experian-pme-bfm-receivables-anticipation-domain-services> grep -R --line-number --ignore-case '\${api\.antecipa\.auth\.uri}' src
grep : O termo 'grep' não é reconhecido como nome de cmdlet, função, arquivo de script ou programa operável. Verifique
a grafia do nome ou, se um caminho tiver sido incluído, veja se o caminho está correto e tente novamente.
No linha:1 caractere:1
+ grep -R --line-number --ignore-case '\${api\.antecipa\.auth\.uri}' sr ...
+ ~~~~
    + CategoryInfo          : ObjectNotFound: (grep:String) [], CommandNotFoundException
    + FullyQualifiedErrorId : CommandNotFoundException

PS C:\Users\C18132Q\Documents\Workspace-experian\experian-pme-bfm-receivables-anticipation-domain-services>
PS C:\Users\C18132Q\Documents\Workspace-experian\experian-pme-bfm-receivables-anticipation-domain-services> # 3) Pode estar em config de Feign via properties:
PS C:\Users\C18132Q\Documents\Workspace-experian\experian-pme-bfm-receivables-anticipation-domain-services> grep -R --line-number --ignore-case 'spring.cloud.openfeign.client.config' src main resources
grep : O termo 'grep' não é reconhecido como nome de cmdlet, função, arquivo de script ou programa operável. Verifique
a grafia do nome ou, se um caminho tiver sido incluído, veja se o caminho está correto e tente novamente.
No linha:1 caractere:1
+ grep -R --line-number --ignore-case 'spring.cloud.openfeign.client.co ...
+ ~~~~
    + CategoryInfo          : ObjectNotFound: (grep:String) [], CommandNotFoundException
    + FullyQualifiedErrorId : CommandNotFoundException

PS C:\Users\C18132Q\Documents\Workspace-experian\experian-pme-bfm-receivables-anticipation-domain-services> grep -R --line-number --ignore-case '\.url=' src/main/resourcesgrep -R --line-number --ignore-case '@FeignClient' -n src | grep -E 'url *= *"'
grep : O termo 'grep' não é reconhecido como nome de cmdlet, função, arquivo de script ou programa operável. Verifique
a grafia do nome ou, se um caminho tiver sido incluído, veja se o caminho está correto e tente novamente.
No linha:1 caractere:1
+ grep -R --line-number --ignore-case '\.url=' src/main/resourcesgrep - ...
+ ~~~~
    + CategoryInfo          : ObjectNotFound: (grep:String) [], CommandNotFoundException
    + FullyQualifiedErrorId : CommandNotFoundException

PS C:\Users\C18132Q\Documents\Workspace-experian\experian-pme-bfm-receivables-anticipation-domain-services> grep -R --line-number --ignore-case 'http://${api.antecipa.uri}' src
grep : O termo 'grep' não é reconhecido como nome de cmdlet, função, arquivo de script ou programa operável. Verifique
a grafia do nome ou, se um caminho tiver sido incluído, veja se o caminho está correto e tente novamente.
No linha:1 caractere:1
+ grep -R --line-number --ignore-case 'http://${api.antecipa.uri}' src
+ ~~~~
    + CategoryInfo          : ObjectNotFound: (grep:String) [], CommandNotFoundException
    + FullyQualifiedErrorId : CommandNotFoundException

PS C:\Users\C18132Q\Documents\Workspace-experian\experian-pme-bfm-receivables-anticipation-domain-services> grep -R --line-number --ignore-case 'http://${api.antecipa.auth.uri}' src
grep : O termo 'grep' não é reconhecido como nome de cmdlet, função, arquivo de script ou programa operável. Verifique
a grafia do nome ou, se um caminho tiver sido incluído, veja se o caminho está correto e tente novamente.
No linha:1 caractere:1
+ grep -R --line-number --ignore-case 'http://${api.antecipa.auth.uri}' ...
+ ~~~~
    + CategoryInfo          : ObjectNotFound: (grep:String) [], CommandNotFoundException
    + FullyQualifiedErrorId : CommandNotFoundException

PS C:\Users\C18132Q\Documents\Workspace-experian\experian-pme-bfm-receivables-anticipation-domain-services>
PS C:\Users\C18132Q\Documents\Workspace-experian\experian-pme-bfm-receivables-anticipation-domain-services> # 2) Procure uso do placeholder mesmo sem "http://"
PS C:\Users\C18132Q\Documents\Workspace-experian\experian-pme-bfm-receivables-anticipation-domain-services> grep -R --line-number --ignore-case '\${api\.antecipa\.uri}' src
grep : O termo 'grep' não é reconhecido como nome de cmdlet, função, arquivo de script ou programa operável. Verifique
a grafia do nome ou, se um caminho tiver sido incluído, veja se o caminho está correto e tente novamente.
No linha:1 caractere:1
+ grep -R --line-number --ignore-case '\${api\.antecipa\.uri}' src
+ ~~~~
    + CategoryInfo          : ObjectNotFound: (grep:String) [], CommandNotFoundException
    + FullyQualifiedErrorId : CommandNotFoundException

PS C:\Users\C18132Q\Documents\Workspace-experian\experian-pme-bfm-receivables-anticipation-domain-services> grep -R --line-number --ignore-case '\${api\.antecipa\.auth\.uri}' src
grep : O termo 'grep' não é reconhecido como nome de cmdlet, função, arquivo de script ou programa operável. Verifique
a grafia do nome ou, se um caminho tiver sido incluído, veja se o caminho está correto e tente novamente.
No linha:1 caractere:1
+ grep -R --line-number --ignore-case '\${api\.antecipa\.auth\.uri}' sr ...
+ ~~~~
    + CategoryInfo          : ObjectNotFound: (grep:String) [], CommandNotFoundException
    + FullyQualifiedErrorId : CommandNotFoundException

PS C:\Users\C18132Q\Documents\Workspace-experian\experian-pme-bfm-receivables-anticipation-domain-services>
PS C:\Users\C18132Q\Documents\Workspace-experian\experian-pme-bfm-receivables-anticipation-domain-services> # 3) Pode estar em config de Feign via properties:
PS C:\Users\C18132Q\Documents\Workspace-experian\experian-pme-bfm-receivables-anticipation-domain-services> grep -R --line-number --ignore-case 'spring.cloud.openfeign.client.config' src main resources
grep : O termo 'grep' não é reconhecido como nome de cmdlet, função, arquivo de script ou programa operável. Verifique
a grafia do nome ou, se um caminho tiver sido incluído, veja se o caminho está correto e tente novamente.
No linha:1 caractere:1
+ grep -R --line-number --ignore-case 'spring.cloud.openfeign.client.co ...
+ ~~~~
    + CategoryInfo          : ObjectNotFound: (grep:String) [], CommandNotFoundException
    + FullyQualifiedErrorId : CommandNotFoundException

PS C:\Users\C18132Q\Documents\Workspace-experian\experian-pme-bfm-receivables-anticipation-domain-services> grep -R --line-number --ignore-case '\.url=' src/main/resources




# SERASA EXPERIAN FLAG CONFIG
feature.flag.apikey=0af7582d-dccf-45c4-a770-ff19f9ef822e

# EXPERIAN SECURITY CONFIG
api.iam.uri=https://uat-api.serasaexperian.com.br/security/iam/v1
api.iam.client.id=${IAM_CLIENT_ID:}
api.iam.client.secret=${IAM_CLIENT_SECRET:}

# FEIGN PROXY CONFIG
experian.openfeign.client.config.proxy.enable=false
feign.httpclient.disableSslValidation=true
feign.httpclient.enabled=false
feign.okhttp.enabled=true

logging.level.root=DEBUG

# CONFIG SSL PARA DEBUG
server.ssl.enabled=false
trust.store.enabled=false

# CONFIG JVM SSL
javax.net.ssl.trustStore=
javax.net.ssl.trustStorePassword=
javax.net.ssl.keyStore=
javax.net.ssl.keyStorePassword=

## Desabilitar COMPLETAMENTE tracing e observabilidade
#management.tracing.enabled=false
#management.otlp.tracing.enabled=false
#management.zipkin.tracing.enabled=false
#management.otlp.metrics.export.enabled=false
#management.metrics.export.otlp.enabled=false
#management.observations.enabled=false
#management.metrics.enabled=false

# OpenTelemetry completamente desabilitado
otel.sdk.disabled=true
otel.javaagent.enabled=false
otel.instrumentation.spring-boot.enabled=false
otel.instrumentation.spring-webmvc.enabled=false
otel.instrumentation.feign.enabled=false
otel.instrumentation.micrometer.enabled=false
otel.traces.exporter=none
otel.metrics.exporter=none
otel.logs.exporter=none

# URL ANTECIPA
api.antecipa.auth.uri=https://api.auth.sand.antecipa.com/v1
api.antecipa.base.url=https://api.anticipation.sand.antecipa.com/v1



# ANTECIPA CREDENTIALS
api.antecipa.auth.username={ANTECIPA_AUTH_USERNAME}
api.antecipa.auth.password={ANTECIPA_AUTH_PASSWORD}
api.antecipa.auth.basic=${ANTECIPA_AUTH_BASIC}

# RESILIENCE4J FOR LOGIN
resilience4j.retry.instances.antecipaAuth.max-attempts=3
resilience4j.retry.instances.antecipaAuth.wait-duration=300ms
resilience4j.circuitbreaker.instances.antecipaAuth.sliding-window-type=COUNT_BASED
resilience4j.circuitbreaker.instances.antecipaAuth.sliding-window-size=10
resilience4j.circuitbreaker.instances.antecipaAuth.failure-rate=threshold=50
resilience4j.circuitbreaker.instances.antecipaAuth.sliding.wait-duration-in-open-state=10s


# MONGODB CONFIG
spring.data.mongodb.uri=mongodb://localhost:27017/buzz_onboarding
spring.data.mongodb.database=buzz_onboarding
spring.data.mongodb.auto-index-creation=true
logging.level.org.springframework.data.mongodb=DEBUG


# DESABILITAR JPA/HIBERNATE QUANDO UTILIZAR MONGODB
spring.autoconfigure.exclude=org.springframework.boot.autoconfigure.orm.jpa.HibernateJpaAutoConfiguration,org.springframework.boot.autoconfigure.jdbc.DataSourceAutoConfiguration



# DISABLE TRACING FOR DEVELOPMENT
#management.tracing.enabled=false
management.zipkin.tracing.endpoint=


# CIRCUIT BREAKER
resilience4j.circuitbreaker.instances.BuzzAboutClient.sliding-window-type=COUNT_BASED
resilience4j.circuitbreaker.instances.BuzzAboutClient.sliding-window-size=5
resilience4j.circuitbreaker.instances.BuzzAboutClient.minimum-number-of-calls=5
resilience4j.circuitbreaker.instances.BuzzAboutClient.failure-rate-threshold=50
resilience4j.circuitbreaker.instances.BuzzAboutClient.slowCallRateThreshold=50
resilience4j.circuitbreaker.instances.BuzzAboutClient.slowCallDurationThreshold=3000
resilience4j.circuitbreaker.instances.BuzzAboutClient.wait-duration-in-open-state=20s
resilience4j.circuitbreaker.instances.BuzzAboutClient.automatic-transition-from-open-to-half-open-enabled=true
resilience4j.circuitbreaker.instances.BuzzAboutClient.permitted-number-of-calls-in-half-open-state=3
resilience4j.circuitbreaker.instances.BuzzAboutClient.recordExceptions=br.com.experian.exception.InternalServerErrorException,feign.FeignException.FeignServerException

resilience4j.circuitbreaker.instances.AntecipaClient.sliding-window-type=COUNT_BASED
resilience4j.circuitbreaker.instances.AntecipaClient.sliding-window-size=5
resilience4j.circuitbreaker.instances.AntecipaClient.minimum-number-of-calls=5
resilience4j.circuitbreaker.instances.AntecipaClient.failure-rate-threshold=50
resilience4j.circuitbreaker.instances.AntecipaClient.slowCallRateThreshold=50
resilience4j.circuitbreaker.instances.AntecipaClient.slowCallDurationThreshold=3000
resilience4j.circuitbreaker.instances.AntecipaClient.wait-duration-in-open-state=20s
resilience4j.circuitbreaker.instances.AntecipaClient.automatic-transition-from-open-to-half-open-enabled=true
resilience4j.circuitbreaker.instances.AntecipaClient.permitted-number-of-calls-in-half-open-state=3
resilience4j.circuitbreaker.instances.AntecipaClient.recordExceptions=br.com.experian.exception.InternalServerErrorException,feign.FeignException.FeignServerException

# RETRY CONFIGURATION
resilience4j.retry.instances.AntecipaClient.max-attempts=3
resilience4j.retry.instances.AntecipaClient.wait-duration=500ms
resilience4j.retry.instances.AntecipaClient.retry-exceptions=feign.FeignException$ServiceUnavailable,feign.FeignException$InternalServerError,java.io.IOException



